> source("Bldg101DataImport.R")
> Bldg101Data
                            SiteEnergy(GJ) SourceEnergy(GJ) SiteEnergyIntensity(MJ/m2) SourceEnergyIntensity(MJ/m2) PeakElectricDemand(W) GHGEmissions(kg)
Baseline                           4396.09         12323.88                     796.63                      2233.26              333450.0         181025.7
Baseline_PreSetback                5904.51         14857.76                    1069.98                      2692.44              324438.8         216522.1
Boiler                             4122.88         12068.35                     747.12                      2186.96              333442.9         177791.3
CU                                 4286.08         11929.81                     776.70                      2161.85              298218.7         175150.0
CU_Boiler                          4013.01         11675.05                     727.21                      2115.68              298219.6         171927.3
Econ                               4433.03         12455.62                     803.33                      2257.13              333616.2         182989.4
Econ_CU                            4330.67         12088.56                     784.78                      2190.62              298275.5         177516.3
Econ_CU_Boiler                     4057.83         11834.93                     735.34                      2144.66              298236.3         174310.6
Light                              4221.77         11523.19                     765.04                      2088.16              320047.5         168946.9
Light_CU                           4117.52         11149.69                     746.15                      2020.48              280145.1         163378.1
Light_CU_Boiler                    3828.69         10890.47                     693.81                      1973.51              280163.8         160130.1
Light_Occ                          4160.38         11231.38                     753.92                      2035.28              319898.6         164538.9
Light_Occ_CU                       4057.50         10862.87                     735.28                      1968.51              280120.3         159044.3
Light_Occ_CU_Boiler                3761.40         10599.50                     681.62                      1920.78              280100.1         155752.0
Light_Occ_WinFilm                  4186.74         10682.55                     758.70                      1935.83              318338.1         155843.7
Light_Occ_WinFilm_CU               4125.08         10461.33                     747.52                      1895.74              242595.1         152545.0
Light_Occ_WinFilm_CU_Boiler        3771.38         10168.83                     683.43                      1842.74              243184.3         148959.4
Light_WinFilm                      4241.23         10955.98                     768.57                      1985.38              317829.8         159982.9
Light_WinFilm_CU                   4178.59         10731.20                     757.22                      1944.65              242598.4         156631.1
Light_WinFilm_CU_Boiler            3833.66         10443.39                     694.71                      1892.49              243187.6         153094.2
Occ                                4306.04         11903.06                     780.31                      2157.00              333210.8         174673.0
Occ_CU                             4197.85         11515.51                     760.71                      2086.77              298199.8         168894.6
Occ_CU_Boiler                      3915.12         11255.60                     709.47                      2039.67              298160.6         165618.6
Occ_WinFilm                        4319.41         11329.99                     782.74                      2053.15              330714.8         165634.2
Occ_WinFilm_CU                     4250.94         11084.50                     770.33                      2008.67              259998.9         161973.8
Occ_WinFilm_CU_Boiler              3914.70         10800.14                     709.40                      1957.14              259696.4         158466.3
Wall                               3932.93         12300.40                     712.70                      2229.01              330973.8         181977.5
Wall_CU                            3819.85         11895.43                     692.21                      2155.62              287836.1         175939.4
Wall_CU_Boiler                     3707.84         11735.22                     671.91                      2126.59              288486.4         173742.4
WinFilm                            4401.35         11734.70                     797.59                      2126.49              330741.3         171757.0
WinFilm_CU                         4331.00         11482.45                     784.84                      2080.78              260571.6         167995.6
WinFilm_CU_Boiler                  4006.28         11203.01                     725.99                      2030.14              259714.1         164532.7
                            AnnualElectricityCost($) AnnualGasCost($) TotalAnnualEnergyCost($) AnnualEnergyCostIntensity($/m2)
Baseline                                    90624.48         18765.87                109390.35                           19.82
Baseline_PreSetback                         98259.74         34386.98                132646.73                           24.04
Boiler                                      91215.52         14825.76                106041.27                           19.22
CU                                          86863.58         18769.64                105633.22                           19.14
CU_Boiler                                   87471.89         14827.91                102299.80                           18.54
Econ                                        92212.88         18767.87                110980.75                           20.11
Econ_CU                                     88302.00         18773.51                107075.51                           19.40
Econ_CU_Boiler                              88924.50         14830.00                103754.50                           18.80
Light                                       83386.15         19734.42                103120.57                           18.69
Light_CU                                    79757.79         19738.15                 99495.94                           18.03
Light_CU_Boiler                             80449.20         15513.02                 95962.22                           17.39
Light_Occ                                   81207.44         20129.20                101336.64                           18.36
Light_Occ_CU                                77633.30         20132.51                 97765.81                           17.72
Light_Occ_CU_Boiler                         78355.22         15787.99                 94143.21                           17.06
Light_Occ_WinFilm                           73709.12         23641.27                 97350.40                           17.64
Light_Occ_WinFilm_CU                        71023.21         23645.33                 94668.54                           17.16
Light_Occ_WinFilm_CU_Boiler                 72051.11         18335.09                 90386.20                           16.38
Light_WinFilm                               75813.02         23212.28                 99025.29                           17.94
Light_WinFilm_CU                            73074.65         23216.46                 96291.11                           17.45
Light_WinFilm_CU_Boiler                     74052.78         18051.77                 92104.56                           16.69
Oc
Occ_CU                                      83809.66         19309.08                103118.75                           18.69
Occ_CU_Boiler                               84434.67         15206.87                 99641.54                           18.06
Occ_WinFilm                                 79927.95         22696.40                102624.36                           18.60
Occ_WinFilm_CU                              77058.53         22700.01                 99758.54                           18.08
Occ_WinFilm_CU_Boiler                       77972.74         17686.12                 95658.86                           17.33
Wall                                        96323.06          9848.72                106171.78                           19.24
Wall_CU                                     92224.78          9851.85                102076.63                           18.50
Wall_CU_Boiler                              91832.30          8539.25                100371.55                           18.19
WinFilm                                     82996.38         22086.42                105082.79                           19.04
WinFilm_CU                                  80087.13         22090.11                102177.24                           18.52
WinFilm_CU_Boiler                           80927.95         17274.43                 98202.38                           17.80
> cashflow <- c( rep( Bldg101Data["Baseline","TotalAnnualEnergyCost($)"] ) )
> cashflow
[1] 109390.4
> cashflow <- c( rep(Bldg101Data["Baseline","TotalAnnualEnergyCost($)"], 20) )
> cashflow
 [1] 109390.4 109390.4 109390.4 109390.4 109390.4 109390.4 109390.4 109390.4 109390.4 109390.4 109390.4 109390.4 109390.4 109390.4 109390.4 109390.4
[17] 109390.4 109390.4 109390.4 109390.4
> discount.rate <- 0.03
> my.npv <- npv(discount.rate, cashflow)
Error: could not find function "npv"
> source("npv.R")
> my.npv <- npv(discount.rate, cashflow)
> my.npv
[1] 1676276
> 
